[2026-09-29T16:17:12.716Z] GET https://actuaweb.webflow.io/coeficientes-jp-am99?nc=fb1 → 200 (89ms, 34153B)
[2026-09-29T16:17:12.812Z] GET https://cdn.prod.website-files.com/6967c96e0fba2ea4f94d3c69/css/actuaweb.webflow.shared.b469c1910.css → 200 (30ms, 226764B)
[2026-09-29T16:17:12.812Z] GET https://ajax.googleapis.com/ajax/libs/webfont/1.6.26/webfont.js → 200 (113ms, 13188B)
[2026-09-29T16:17:12.812Z] GET https://cdn.prod.website-files.com/6967c96e0fba2ea4f94d3c69/6a88750c02cd66c8ed1ef1b7_footer-logo-actuaria-blanco.svg → 200 (38ms, 4629B)
[2026-09-29T16:17:12.815Z] GET https://cdn.prod.website-files.com/6967c96e0fba2ea4f94d3c69/6a88750c282395610261b975_footer-ico-phone.svg → 200 (34ms, 856B)
[2026-09-29T16:17:12.815Z] GET https://cdn.prod.website-files.com/6967c96e0fba2ea4f94d3c69/6a88750d282395610261b9ab_footer-ico-whatsapp.svg → 200 (55ms, 1894B)
[2026-09-29T16:17:12.815Z] GET https://cdn.prod.website-files.com/6967c96e0fba2ea4f94d3c69/6a88750dddcb76f0fb7b5fea_footer-ico-envelope.svg → 200 (53ms, 664B)
[2026-09-29T16:17:12.816Z] GET https://cdn.prod.website-files.com/6967c96e0fba2ea4f94d3c69/6a88750e1427a1f9ebfa9143_footer-ico-location.svg → 200 (63ms, 924B)
[2026-09-29T16:17:12.816Z] GET https://cdn.prod.website-files.com/6967c96e0fba2ea4f94d3c69/6a88750e1427a1f9ebfa919c_footer-ico-facebook.svg → 200 (175ms, 629B)
[2026-09-29T16:17:12.816Z] GET https://cdn.prod.website-files.com/6967c96e0fba2ea4f94d3c69/6a88750e282395610261bb1f_footer-ico-instagram.svg → 200 (180ms, 2110B)
[2026-09-29T16:17:12.816Z] GET https://cdn.prod.website-files.com/6967c96e0fba2ea4f94d3c69/6a88750e02cd66c8ed1ef28c_footer-ico-linkedin.svg → 200 (178ms, 851B)
[2026-09-29T16:17:12.816Z] GET https://cdn.prod.website-files.com/6967c96e0fba2ea4f94d3c69/6a88750f3c2f1ca03320bd92_footer-ico-youtube.svg → 200 (182ms, 803B)
[2026-09-29T16:17:12.816Z] GET https://d3e54v103j8qbb.cloudfront.net/js/jquery-3.5.1.min.dc5e7f18c8.js?site=6967c96e0fba2ea4f94d3c69 → 200 (186ms, 89476B)
[2026-09-29T16:17:12.816Z] GET https://cdn.prod.website-files.com/6967c96e0fba2ea4f94d3c69/js/webflow.schunk.711f8895aeb253d0.js → 200 (100ms, 57354B)
[2026-09-29T16:17:12.816Z] GET https://cdn.prod.website-files.com/6967c96e0fba2ea4f94d3c69/js/webflow.75bd4d11.cc3b984df802e6e1.js → 200 (185ms, 996B)
[2026-09-29T16:17:12.816Z] GET https://renatopuente-ux.github.io/actuaria-flipbook/flipbook.js → 200 (223ms, 26088B)
[2026-09-29T16:17:12.932Z] GET https://fonts.googleapis.com/css?family=Nunito:400,500,600,700,800,900%7CPrompt:100,200,300,400,500,700,800 → 200 (242ms, 20305B)
[2026-09-29T16:17:12.989Z] GET https://cdn.prod.website-files.com/6967c96e0fba2ea4f94d3c69/6a831672361773e17ee3358b_background.png → 200 (12ms, 281464B)
[2026-09-29T16:17:12.990Z] GET https://cdn.prod.website-files.com/6967c96e0fba2ea4f94d3c69/6a8494f2038b9fb39254966f_fa-solid-900.woff2 → 200 (39ms, 119488B)
[2026-09-29T16:17:12.990Z] GET https://cdn.prod.website-files.com/6967c96e0fba2ea4f94d3c69/6a8494f2a3852dbbfcaf0105_fa-brands-400.woff2 → 200 (47ms, 115420B)
[2026-09-29T16:17:12.990Z] GET https://cdn.prod.website-files.com/6967c96e0fba2ea4f94d3c69/6a70bbec17f7fc765c2ea5d9_logo-actuaria.svg → 200 (31ms, 4181B)
[2026-09-29T16:17:12.990Z] GET https://cdn.prod.website-files.com/6967c96e0fba2ea4f94d3c69/6a70bbeccb6a40ca56c13c67_logo-actuaria-plus.svg → 200 (29ms, 9943B)
[2026-09-29T16:17:13.051Z] GET https://renatopuente-ux.github.io/actuaria-flipbook/vendor/pdfjs-4.10.38/pdf.min.mjs → 200 (47ms, 352645B)
[2026-09-29T16:17:13.051Z] GET https://renatopuente-ux.github.io/actuaria-flipbook/vendor/pdfjs-4.10.38/pdf.worker.min.mjs → 200 (54ms, 1375838B)
[2026-09-29T16:17:13.051Z] GET https://renatopuente-ux.github.io/actuaria-flipbook/vendor/page-flip-2.0.7/page-flip.browser.js → 200 (47ms, 44058B)
[2026-09-29T16:17:13.109Z] GET blob:https://actuaweb.webflow.io/043c22e4-a8b8-4a4d-b808-633aa6f25ce4 → 200 (20ms, 44058B)
[2026-09-29T16:17:13.118Z] GET blob:https://actuaweb.webflow.io/fb75492f-9fde-46b4-bfa0-4b5fda19513c → 200 (15ms, 352645B)
[2026-09-29T16:17:13.173Z] GET blob:https://actuaweb.webflow.io/a23fbb3b-535d-4268-843d-e84970f309fb → 200 (48ms, 1375838B)
[2026-09-29T16:17:13.214Z] GET https://fonts.gstatic.com/s/nunito/v32/XRXV3I6Li01BKofINeaB.woff2 → 200 (152ms, 39128B)
[2026-09-29T16:17:13.220Z] GET https://fonts.gstatic.com/s/prompt/v12/-W_9XJnvUD7dzB2CA-ofTkY.woff2 → 200 (178ms, 16992B)
[2026-09-29T16:17:13.220Z] GET https://fonts.gstatic.com/s/prompt/v12/-W_8XJnvUD7dzB2Cr_sIaWMu.woff2 → 200 (176ms, 17880B)
[2026-09-29T16:17:13.220Z] GET https://fonts.gstatic.com/s/prompt/v12/-W_8XJnvUD7dzB2Cy_gIaWMu.woff2 → 200 (176ms, 17528B)
[2026-09-29T16:17:13.220Z] GET https://fonts.gstatic.com/s/prompt/v12/-W__XJnvUD7dzB2KYNod.woff2 → 200 (147ms, 17940B)
[2026-09-29T16:17:13.220Z] GET https://fonts.gstatic.com/s/prompt/v12/-W_8XJnvUD7dzB2Ck_kIaWMu.woff2 → 200 (172ms, 18096B)
[2026-09-29T16:17:13.220Z] GET https://fonts.gstatic.com/s/prompt/v12/-W_8XJnvUD7dzB2C2_8IaWMu.woff2 → 200 (175ms, 18160B)
[2026-09-29T16:17:13.221Z] GET https://fonts.gstatic.com/s/prompt/v12/-W_8XJnvUD7dzB2Cx_wIaWMu.woff2 → 200 (174ms, 18352B)
[2026-09-29T16:17:13.334Z] GET https://cdn.prod.website-files.com/6967c96e0fba2ea4f94d3c69/6abbd8aa0edd86917a7ffd3c_coeficientes-jp-am99-2025.pdf → 200 (8ms, 97073B)
[2026-09-29T16:17:13.529Z] GET blob:https://actuaweb.webflow.io/6e4ff62f-4bb0-4a9d-b124-6ac201be1ff9 → 200 (1ms, 110726B)
[2026-09-29T16:17:13.574Z] GET blob:https://actuaweb.webflow.io/79e938ab-065e-45e8-96b0-0a4b6ad8e344 → 200 (1ms, 75708B)
